
> code-roast-bot@0.1.0 build
> next build

Γû▓ Next.js 16.1.6 (Turbopack)

  Creating an optimized production build ...
Γ£ô Compiled successfully in 8.5s
  Running TypeScript ...
  Collecting page data using 11 workers ...
node.exe : Error: API key must be set when using the Gemini API.
At line:1 char:1
+ & "D:\Node JS/node.exe" 
"C:\Users\deven\AppData\Roaming\npm/node_modu ...
+ ~~~~~~~~~~~~~~~~~~~~~~~~~~~~~~~~~~~~~~~~~~~~~~~~~~~~~~~~~~~~~~
~~~~~~~
    + CategoryInfo          : NotSpecified: (Error: API key ... 
   the Gemini API.:String) [], RemoteException
    + FullyQualifiedErrorId : NativeCommandError
 
    at new mt.apiKey (D:\Projects\code-roast-bot\.next\server\ch
unks\[root-of-the-server]__20f38db9._.js:53:49775)
    at module evaluation (D:\Projects\code-roast-bot\.next\serve
r\chunks\[root-of-the-server]__20f38db9._.js:53:48318)
    at instantiateModule (D:\Projects\code-roast-bot\.next\serve
r\chunks\[turbopack]_runtime.js:740:9)
    at instantiateRuntimeModule (D:\Projects\code-roast-bot\.nex
t\server\chunks\[turbopack]_runtime.js:768:12)
    at getOrInstantiateRuntimeModule (D:\Projects\code-roast-bot
\.next\server\chunks\[turbopack]_runtime.js:781:12)
    at Object.m (D:\Projects\code-roast-bot\.next\server\chunks\
[turbopack]_runtime.js:790:18)
    at Object.<anonymous> (D:\Projects\code-roast-bot\.next\serv
er\app\api\analyze\route.js:6:3)

> Build error occurred
Error: Failed to collect page data for /api/analyze
    at ignore-listed frames {
  type: 'Error'
}
